#
# There is insufficient memory for the Java Runtime Environment to continue.
# Native memory allocation (malloc) failed to allocate 1048576 bytes. Error detail: AllocateHeap
# Possible reasons:
#   The system is out of physical RAM or swap space
#   This process is running with CompressedOops enabled, and the Java Heap may be blocking the growth of the native heap
# Possible solutions:
#   Reduce memory load on the system
#   Increase physical memory or swap space
#   Check if swap backing store is full
#   Decrease Java heap size (-Xmx/-Xms)
#   Decrease number of Java threads
#   Decrease Java thread stack sizes (-Xss)
#   Set larger code cache with -XX:ReservedCodeCacheSize=
#   JVM is running with Unscaled Compressed Oops mode in which the Java heap is
#     placed in the first 4GB address space. The Java Heap base address is the
#     maximum limit for the native heap growth. Please use -XX:HeapBaseMinAddress
#     to set the Java Heap base and to place the Java Heap above 4GB virtual address.
# This output file may be truncated or incomplete.
#
#  Out of Memory Error (allocation.cpp:44), pid=20668, tid=14504
#
# JRE version: OpenJDK Runtime Environment Temurin-21.0.10+7 (21.0.10+7) (build 21.0.10+7-LTS)
# Java VM: OpenJDK 64-Bit Server VM Temurin-21.0.10+7 (21.0.10+7-LTS, mixed mode, sharing, tiered, compressed oops, compressed class ptrs, parallel gc, windows-amd64)
# No core dump will be written. Minidumps are not enabled by default on client versions of Windows
#

---------------  S U M M A R Y ------------

Command Line: --add-modules=ALL-SYSTEM --add-opens=java.base/java.util=ALL-UNNAMED --add-opens=java.base/java.lang=ALL-UNNAMED --add-opens=java.base/sun.nio.fs=ALL-UNNAMED -Declipse.application=org.eclipse.jdt.ls.core.id1 -Dosgi.bundles.defaultStartLevel=4 -Declipse.product=org.eclipse.jdt.ls.core.product -Djava.import.generatesMetadataFilesAtProjectRoot=false -DDetectVMInstallationsJob.disabled=true -Dfile.encoding=utf8 -XX:+UseParallelGC -XX:GCTimeRatio=4 -XX:AdaptiveSizePolicyWeight=90 -Dsun.zip.disableMemoryMapping=true -Xmx2G -Xms100m -Xlog:disable -javaagent:c:\Users\nicho\.vscode\extensions\redhat.java-1.54.0-win32-x64\lombok\lombok-1.18.39-4050.jar -XX:+HeapDumpOnOutOfMemoryError -XX:HeapDumpPath=c:\Users\nicho\AppData\Roaming\Code\User\workspaceStorage\6b3a6f2e862f2e47d33456e41c4a9a24\redhat.java -Daether.dependencyCollector.impl=bf c:\Users\nicho\.vscode\extensions\redhat.java-1.54.0-win32-x64\server\plugins\org.eclipse.equinox.launcher_1.7.100.v20251111-0406.jar -configuration c:\Users\nicho\AppData\Roaming\Code\User\globalStorage\redhat.java\1.54.0\config_win -data c:\Users\nicho\AppData\Roaming\Code\User\workspaceStorage\6b3a6f2e862f2e47d33456e41c4a9a24\redhat.java\jdt_ws --pipe=\\.\pipe\lsp-3955adc5ef500a25f9c9a35285c65573-sock

Host: 13th Gen Intel(R) Core(TM) i3-1315U, 8 cores, 7G,  Windows 11 , 64 bit Build 26100 (10.0.26100.8328)
Time: Wed Jun 10 22:26:13 2026 Hora Padrão da Bahia elapsed time: 1161.386809 seconds (0d 0h 19m 21s)

---------------  T H R E A D  ---------------

Current thread (0x0000026b58b1b140):  JavaThread "Attach Listener" daemon [_thread_in_vm, id=14504, stack(0x000000c8f5100000,0x000000c8f5200000) (1024K)]

Stack: [0x000000c8f5100000,0x000000c8f5200000]
Native frames: (J=compiled Java code, j=interpreted, Vv=VM code, C=native code)
V  [jvm.dll+0x6d7a39]
V  [jvm.dll+0x8b4b26]
V  [jvm.dll+0x8b70de]
V  [jvm.dll+0x8b77c3]
V  [jvm.dll+0x284346]
V  [jvm.dll+0xc1277]
V  [jvm.dll+0x6d82e9]
V  [jvm.dll+0x1334a6]
V  [jvm.dll+0x3f857e]
V  [jvm.dll+0x85f59d]
V  [jvm.dll+0x6d626d]
C  [ucrtbase.dll+0x37b0]
C  [KERNEL32.DLL+0x2e957]
C  [ntdll.dll+0x427c]


---------------  P R O C E S S  ---------------

Threads class SMR info:
_java_thread_list=0x0000026ba28f6d00, length=56, elements={
0x0000026b4209c3d0, 0x0000026b4215ccb0, 0x0000026b58b13fa0, 0x0000026b58b189e0,
0x0000026b58b1b140, 0x0000026b58b1be60, 0x0000026b58b19d90, 0x0000026b9b442090,
0x0000026b9b44d1f0, 0x0000026b58b1b7d0, 0x0000026b58b19070, 0x0000026b58b19700,
0x0000026b58b1a420, 0x0000026b58b1aab0, 0x0000026b9b63f190, 0x0000026b9b63feb0,
0x0000026b9b63f820, 0x0000026b9b640540, 0x0000026b9b63eb00, 0x0000026b9b6439c0,
0x0000026b9b6418f0, 0x0000026b9b642ca0, 0x0000026b9b645400, 0x0000026b9b6446e0,
0x0000026b9b644d70, 0x0000026b9b645a90, 0x0000026b9b646120, 0x0000026ba2bcabb0,
0x0000026ba2bc8ae0, 0x0000026ba2bc9e90, 0x0000026ba2bc8450, 0x0000026ba2bcb240,
0x0000026ba2bca520, 0x0000026ba1e87f80, 0x0000026ba1e86bd0, 0x0000026ba1e83de0,
0x0000026ba1e84b00, 0x0000026ba1e85190, 0x0000026ba1e88ca0, 0x0000026ba2bc9800,
0x0000026ba1c96980, 0x0000026ba1c97010, 0x0000026ba1c94f40, 0x0000026ba1c948b0,
0x0000026ba1c955d0, 0x0000026ba4508ed0, 0x0000026ba4509560, 0x0000026ba4507490,
0x0000026ba45060e0, 0x0000026ba4508840, 0x0000026ba4507b20, 0x0000026ba4506770,
0x0000026ba450a280, 0x0000026ba4506e00, 0x0000026ba450a910, 0x0000026ba45081b0
}

Java Threads: ( => current thread )
  0x0000026b4209c3d0 JavaThread "main"                              [_thread_blocked, id=2120, stack(0x000000c8f4a00000,0x000000c8f4b00000) (1024K)]
  0x0000026b4215ccb0 JavaThread "Reference Handler"          daemon [_thread_blocked, id=11768, stack(0x000000c8f4e00000,0x000000c8f4f00000) (1024K)]
  0x0000026b58b13fa0 JavaThread "Finalizer"                  daemon [_thread_blocked, id=2668, stack(0x000000c8f4f00000,0x000000c8f5000000) (1024K)]
  0x0000026b58b189e0 JavaThread "Signal Dispatcher"          daemon [_thread_blocked, id=17684, stack(0x000000c8f5000000,0x000000c8f5100000) (1024K)]
=>0x0000026b58b1b140 JavaThread "Attach Listener"            daemon [_thread_in_vm, id=14504, stack(0x000000c8f5100000,0x000000c8f5200000) (1024K)]
  0x0000026b58b1be60 JavaThread "Service Thread"             daemon [_thread_blocked, id=11544, stack(0x000000c8f5200000,0x000000c8f5300000) (1024K)]
  0x0000026b58b19d90 JavaThread "Monitor Deflation Thread"   daemon [_thread_blocked, id=9536, stack(0x000000c8f5300000,0x000000c8f5400000) (1024K)]
  0x0000026b9b442090 JavaThread "C2 CompilerThread0"         daemon [_thread_blocked, id=21424, stack(0x000000c8f5400000,0x000000c8f5500000) (1024K)]
  0x0000026b9b44d1f0 JavaThread "C1 CompilerThread0"         daemon [_thread_blocked, id=22852, stack(0x000000c8f5500000,0x000000c8f5600000) (1024K)]
  0x0000026b58b1b7d0 JavaThread "Common-Cleaner"             daemon [_thread_blocked, id=12032, stack(0x000000c8f5600000,0x000000c8f5700000) (1024K)]
  0x0000026b58b19070 JavaThread "Notification Thread"        daemon [_thread_blocked, id=2004, stack(0x000000c8f5800000,0x000000c8f5900000) (1024K)]
  0x0000026b58b19700 JavaThread "Active Thread: Equinox Container: a4c88a62-d9dc-49b2-8744-24fb26c70a13"        [_thread_blocked, id=5248, stack(0x000000c8f6000000,0x000000c8f6100000) (1024K)]
  0x0000026b58b1a420 JavaThread "Refresh Thread: Equinox Container: a4c88a62-d9dc-49b2-8744-24fb26c70a13" daemon [_thread_blocked, id=21824, stack(0x000000c8f5900000,0x000000c8f5a00000) (1024K)]
  0x0000026b58b1aab0 JavaThread "Framework Event Dispatcher: Equinox Container: a4c88a62-d9dc-49b2-8744-24fb26c70a13" daemon [_thread_blocked, id=16028, stack(0x000000c8f6100000,0x000000c8f6200000) (1024K)]
  0x0000026b9b63f190 JavaThread "Start Level: Equinox Container: a4c88a62-d9dc-49b2-8744-24fb26c70a13" daemon [_thread_blocked, id=10916, stack(0x000000c8f6200000,0x000000c8f6300000) (1024K)]
  0x0000026b9b63feb0 JavaThread "Bundle File Closer"         daemon [_thread_blocked, id=15216, stack(0x000000c8f6400000,0x000000c8f6500000) (1024K)]
  0x0000026b9b63f820 JavaThread "SCR Component Actor"        daemon [_thread_blocked, id=19208, stack(0x000000c8f6300000,0x000000c8f6400000) (1024K)]
  0x0000026b9b640540 JavaThread "Worker-JM"                         [_thread_blocked, id=23516, stack(0x000000c8f6700000,0x000000c8f6800000) (1024K)]
  0x0000026b9b63eb00 JavaThread "JNA Cleaner"                daemon [_thread_blocked, id=20072, stack(0x000000c8f6600000,0x000000c8f6700000) (1024K)]
  0x0000026b9b6439c0 JavaThread "Worker-1"                          [_thread_blocked, id=16460, stack(0x000000c8f6900000,0x000000c8f6a00000) (1024K)]
  0x0000026b9b6418f0 JavaThread "Java indexing"              daemon [_thread_blocked, id=12212, stack(0x000000c8f6b00000,0x000000c8f6c00000) (1024K)]
  0x0000026b9b642ca0 JavaThread "Thread-1"                   daemon [_thread_in_native, id=13424, stack(0x000000c8f7100000,0x000000c8f7200000) (1024K)]
  0x0000026b9b645400 JavaThread "Thread-2"                   daemon [_thread_in_native, id=21280, stack(0x000000c8f7200000,0x000000c8f7300000) (1024K)]
  0x0000026b9b6446e0 JavaThread "Thread-3"                   daemon [_thread_in_native, id=9656, stack(0x000000c8f7300000,0x000000c8f7400000) (1024K)]
  0x0000026b9b644d70 JavaThread "Thread-4"                   daemon [_thread_in_native, id=15116, stack(0x000000c8f7400000,0x000000c8f7500000) (1024K)]
  0x0000026b9b645a90 JavaThread "Thread-5"                   daemon [_thread_in_native, id=21176, stack(0x000000c8f7500000,0x000000c8f7600000) (1024K)]
  0x0000026b9b646120 JavaThread "Thread-6"                   daemon [_thread_in_native, id=10804, stack(0x000000c8f7600000,0x000000c8f7700000) (1024K)]
  0x0000026ba2bcabb0 JavaThread "Thread-7"                   daemon [_thread_in_native, id=25336, stack(0x000000c8f7700000,0x000000c8f7800000) (1024K)]
  0x0000026ba2bc8ae0 JavaThread "Thread-8"                   daemon [_thread_in_native, id=16956, stack(0x000000c8f7800000,0x000000c8f7900000) (1024K)]
  0x0000026ba2bc9e90 JavaThread "Thread-9"                   daemon [_thread_in_native, id=19092, stack(0x000000c8f7900000,0x000000c8f7a00000) (1024K)]
  0x0000026ba2bc8450 JavaThread "pool-2-thread-1"                   [_thread_blocked, id=22892, stack(0x000000c8f7a00000,0x000000c8f7b00000) (1024K)]
  0x0000026ba2bcb240 JavaThread "WorkspaceEventsHandler"            [_thread_blocked, id=17196, stack(0x000000c8f7b00000,0x000000c8f7c00000) (1024K)]
  0x0000026ba2bca520 JavaThread "pool-1-thread-1"                   [_thread_blocked, id=5104, stack(0x000000c8f7c00000,0x000000c8f7d00000) (1024K)]
  0x0000026ba1e87f80 JavaThread "Cleaner-0"                  daemon [_thread_blocked, id=3172, stack(0x000000c8f6500000,0x000000c8f6600000) (1024K)]
  0x0000026ba1e86bd0 JavaThread "ForkJoinPool.commonPool-worker-9" daemon [_thread_blocked, id=3284, stack(0x000000c8f4700000,0x000000c8f4800000) (1024K)]
  0x0000026ba1e83de0 JavaThread "ForkJoinPool.commonPool-worker-12" daemon [_thread_blocked, id=13944, stack(0x000000c8f6800000,0x000000c8f6900000) (1024K)]
  0x0000026ba1e84b00 JavaThread "ForkJoinPool.commonPool-worker-14" daemon [_thread_blocked, id=11780, stack(0x000000c8f6c00000,0x000000c8f6d00000) (1024K)]
  0x0000026ba1e85190 JavaThread "ForkJoinPool.commonPool-worker-13" daemon [_thread_blocked, id=6168, stack(0x000000c8f6d00000,0x000000c8f6e00000) (1024K)]
  0x0000026ba1e88ca0 JavaThread "ForkJoinPool.commonPool-worker-15" daemon [_thread_blocked, id=9588, stack(0x000000c8f6e00000,0x000000c8f6f00000) (1024K)]
  0x0000026ba2bc9800 JavaThread "Worker-5"                          [_thread_blocked, id=24080, stack(0x000000c8f6a00000,0x000000c8f6b00000) (1024K)]
  0x0000026ba1c96980 JavaThread "LocalFile Deleter"          daemon [_thread_blocked, id=24900, stack(0x000000c8f8100000,0x000000c8f8200000) (1024K)]
  0x0000026ba1c97010 JavaThread "LocalFile Deleter"          daemon [_thread_blocked, id=16988, stack(0x000000c8f8200000,0x000000c8f8300000) (1024K)]
  0x0000026ba1c94f40 JavaThread "LocalFile Deleter"          daemon [_thread_blocked, id=24976, stack(0x000000c8f8300000,0x000000c8f8400000) (1024K)]
  0x0000026ba1c948b0 JavaThread "LocalFile Deleter"          daemon [_thread_blocked, id=21828, stack(0x000000c8f8500000,0x000000c8f8600000) (1024K)]
  0x0000026ba1c955d0 JavaThread "LocalFile Deleter"          daemon [_thread_blocked, id=16856, stack(0x000000c8f8600000,0x000000c8f8700000) (1024K)]
  0x0000026ba4508ed0 JavaThread "Compiler Source File Reader" daemon [_thread_blocked, id=11596, stack(0x000000c8f8900000,0x000000c8f8a00000) (1024K)]
  0x0000026ba4509560 JavaThread "Compiler Source File Reader" daemon [_thread_blocked, id=22120, stack(0x000000c8f8a00000,0x000000c8f8b00000) (1024K)]
  0x0000026ba4507490 JavaThread "Compiler Source File Reader" daemon [_thread_blocked, id=15404, stack(0x000000c8f8b00000,0x000000c8f8c00000) (1024K)]
  0x0000026ba45060e0 JavaThread "Compiler Source File Reader" daemon [_thread_blocked, id=13704, stack(0x000000c8f8c00000,0x000000c8f8d00000) (1024K)]
  0x0000026ba4508840 JavaThread "Compiler Class File Writer" daemon [_thread_blocked, id=25464, stack(0x000000c8f8e00000,0x000000c8f8f00000) (1024K)]
  0x0000026ba4507b20 JavaThread "Compiler Class File Writer" daemon [_thread_blocked, id=25256, stack(0x000000c8f8f00000,0x000000c8f9000000) (1024K)]
  0x0000026ba4506770 JavaThread "Compiler Class File Writer" daemon [_thread_blocked, id=1648, stack(0x000000c8f9000000,0x000000c8f9100000) (1024K)]
  0x0000026ba450a280 JavaThread "Compiler Class File Writer" daemon [_thread_blocked, id=18280, stack(0x000000c8f9100000,0x000000c8f9200000) (1024K)]
  0x0000026ba4506e00 JavaThread "Compiler Source File Reader" daemon [_thread_blocked, id=24524, stack(0x000000c8f9200000,0x000000c8f9300000) (1024K)]
  0x0000026ba450a910 JavaThread "Compiler Class File Writer" daemon [_thread_blocked, id=15732, stack(0x000000c8f9300000,0x000000c8f9400000) (1024K)]
  0x0000026ba45081b0 JavaThread "ForkJoinPool.commonPool-worker-16" daemon [_thread_blocked, id=25212, stack(0x000000c8f4900000,0x000000c8f4a00000) (1024K)]
Total: 56

Other Threads:
  0x0000026b58b13650 VMThread "VM Thread"                           [id=26096, stack(0x000000c8f4d00000,0x000000c8f4e00000) (1024K)]
  0x0000026b58a2ba00 WatcherThread "VM Periodic Task Thread"        [id=6060, stack(0x000000c8f4c00000,0x000000c8f4d00000) (1024K)]
  0x0000026b420ba650 WorkerThread "GC Thread#0"                     [id=24884, stack(0x000000c8f4b00000,0x000000c8f4c00000) (1024K)]
  0x0000026ba04062e0 WorkerThread "GC Thread#1"                     [id=23104, stack(0x000000c8f5a00000,0x000000c8f5b00000) (1024K)]
  0x0000026ba06c5450 WorkerThread "GC Thread#2"                     [id=1748, stack(0x000000c8f5b00000,0x000000c8f5c00000) (1024K)]
  0x0000026ba00fb120 WorkerThread "GC Thread#3"                     [id=18048, stack(0x000000c8f5c00000,0x000000c8f5d00000) (1024K)]
  0x0000026ba00fb4d0 WorkerThread "GC Thread#4"                     [id=10956, stack(0x000000c8f5d00000,0x000000c8f5e00000) (1024K)]
  0x0000026ba00fb880 WorkerThread "GC Thread#5"                     [id=16792, stack(0x000000c8f5e00000,0x000000c8f5f00000) (1024K)]
  0x0000026ba034f300 WorkerThread "GC Thread#6"                     [id=16296, stack(0x000000c8f5f00000,0x000000c8f6000000) (1024K)]
  0x0000026ba015b2a0 WorkerThread "GC Thread#7"                     [id=1084, stack(0x000000c8f5700000,0x000000c8f5800000) (1024K)]
Total: 10

Threads with active compile tasks:
Total: 0

VM state: not at safepoint (normal execution)

VM Mutex/Monitor currently owned by a thread: None

Heap address: 0x0000000080000000, size: 2048 MB, Compressed Oops mode: 32-bit

CDS archive(s) mapped at: [0x0000026b59000000-0x0000026b59ba0000-0x0000026b59ba0000), size 12189696, SharedBaseAddress: 0x0000026b59000000, ArchiveRelocationMode: 1.
Compressed class space mapped at: 0x0000026b5a000000-0x0000026b9a000000, reserved size: 1073741824
Narrow klass base: 0x0000026b59000000, Narrow klass shift: 0, Narrow klass range: 0x100000000

GC Precious Log:
 CardTable entry size: 512
 CPUs: 8 total, 8 available
 Memory: 7883M
 Large Page Support: Disabled
 NUMA Support: Disabled
 Compressed Oops: Enabled (32-bit)
 Alignments: Space 512K, Generation 512K, Heap 2M
 Heap Min Capacity: 100M
 Heap Initial Capacity: 100M
 Heap Max Capacity: 2G
 Pre-touch: Disabled
 Parallel Workers: 8

Heap:
 PSYoungGen      total 5120K, used 3981K [0x00000000d5580000, 0x00000000d5b80000, 0x0000000100000000)
  eden space 4096K, 84% used [0x00000000d5580000,0x00000000d58e3160,0x00000000d5980000)
  from space 1024K, 50% used [0x00000000d5a80000,0x00000000d5b00468,0x00000000d5b80000)
  to   space 1024K, 0% used [0x00000000d5980000,0x00000000d5980000,0x00000000d5a80000)
 ParOldGen       total 282624K, used 282503K [0x0000000080000000, 0x0000000091400000, 0x00000000d5580000)
  object space 282624K, 99% used [0x0000000080000000,0x00000000913e1e10,0x0000000091400000)
 Metaspace       used 80328K, committed 82112K, reserved 1179648K
  class space    used 8641K, committed 9408K, reserved 1048576K

Card table byte_map: [0x0000026b41a40000,0x0000026b41e50000] _byte_map_base: 0x0000026b41640000

Marking Bits: (ParMarkBitMap*) 0x00007ffba0233450
 Begin Bits: [0x0000026b54550000, 0x0000026b56550000)
 End Bits:   [0x0000026b56550000, 0x0000026b58550000)

Polling page: 0x0000026b3ff40000

Metaspace:

Usage:
  Non-class:     70.01 MB used.
      Class:      8.44 MB used.
       Both:     78.45 MB used.

Virtual space:
  Non-class space:      128.00 MB reserved,      71.00 MB ( 55%) committed,  2 nodes.
      Class space:        1.00 GB reserved,       9.19 MB ( <1%) committed,  1 nodes.
             Both:        1.12 GB reserved,      80.19 MB (  7%) committed. 

Chunk freelists:
   Non-Class:  8.47 MB
       Class:  6.86 MB
        Both:  15.33 MB

MaxMetaspaceSize: unlimited
CompressedClassSpaceSize: 1.00 GB
Initial GC threshold: 21.00 MB
Current GC threshold: 97.31 MB
CDS: on
 - commit_granule_bytes: 65536.
 - commit_granule_words: 8192.
 - virtual_space_node_default_size: 8388608.
 - enlarge_chunks_in_place: 1.
 - use_allocation_guard: 0.


Internal statistics:

num_allocs_failed_limit: 9.
num_arena_births: 1406.
num_arena_deaths: 30.
num_vsnodes_births: 3.
num_vsnodes_deaths: 0.
num_space_committed: 1283.
num_space_uncommitted: 0.
num_chunks_returned_to_freelist: 44.
num_chunks_taken_from_freelist: 5111.
num_chunk_merges: 19.
num_chunk_splits: 3146.
num_chunks_enlarged: 1749.
num_inconsistent_stats: 0.

CodeHeap 'non-profiled nmethods': size=120000Kb used=11322Kb max_used=11322Kb free=108677Kb
 bounds [0x0000026b4cd70000, 0x0000026b4d880000, 0x0000026b542a0000]
CodeHeap 'profiled nmethods': size=120000Kb used=31134Kb max_used=31134Kb free=88865Kb
 bounds [0x0000026b452a0000, 0x0000026b47110000, 0x0000026b4c7d0000]
CodeHeap 'non-nmethods': size=5760Kb used=1503Kb max_used=1575Kb free=4256Kb
 bounds [0x0000026b4c7d0000, 0x0000026b4ca40000, 0x0000026b4cd70000]
CodeCache: size=245760Kb, used=43959Kb, max_used=44031Kb, free=201798Kb
 total_blobs=14040, nmethods=13215, adapters=730, full_count=0
Compilation: enabled, stopped_count=0, restarted_count=0

Compilation events (20 events):
Event: 1074.060 Thread 0x0000026b9b442090 14060       4       org.eclipse.jdt.internal.core.search.JavaSearchScope::normalize (47 bytes)
Event: 1074.062 Thread 0x0000026b9b442090 nmethod 14060 0x0000026b4d87e210 code [0x0000026b4d87e3c0, 0x0000026b4d87e568]
Event: 1074.074 Thread 0x0000026b9b442090 14061       4       java.lang.String::equals (56 bytes)
Event: 1074.075 Thread 0x0000026b9b442090 nmethod 14061 0x0000026b4d87e790 code [0x0000026b4d87e920, 0x0000026b4d87eaf0]
Event: 1081.425 Thread 0x0000026b9b44d1f0 14062       3       java.util.concurrent.ScheduledThreadPoolExecutor$ScheduledFutureTask::isPeriodic (15 bytes)
Event: 1081.425 Thread 0x0000026b9b44d1f0 nmethod 14062 0x0000026b47102f10 code [0x0000026b471030a0, 0x0000026b47103208]
Event: 1118.651 Thread 0x0000026b9b44d1f0 14063       3       java.util.concurrent.locks.AbstractQueuedSynchronizer$ConditionObject::unlinkCancelledWaiters (91 bytes)
Event: 1118.651 Thread 0x0000026b9b44d1f0 nmethod 14063 0x0000026b47103290 code [0x0000026b47103440, 0x0000026b471037d0]
Event: 1121.450 Thread 0x0000026b9b44d1f0 14064       3       java.util.concurrent.ScheduledThreadPoolExecutor$DelayedWorkQueue::take (5 bytes)
Event: 1121.451 Thread 0x0000026b9b44d1f0 nmethod 14064 0x0000026b47103910 code [0x0000026b47103ac0, 0x0000026b47103c18]
Event: 1121.451 Thread 0x0000026b9b44d1f0 14065   !   3       java.util.concurrent.ScheduledThreadPoolExecutor$DelayedWorkQueue::take (203 bytes)
Event: 1121.452 Thread 0x0000026b9b44d1f0 nmethod 14065 0x0000026b47103d10 code [0x0000026b471040c0, 0x0000026b47105938]
Event: 1131.454 Thread 0x0000026b9b44d1f0 14066       3       java.util.concurrent.ScheduledThreadPoolExecutor::triggerTime (22 bytes)
Event: 1131.454 Thread 0x0000026b9b44d1f0 nmethod 14066 0x0000026b47106410 code [0x0000026b471065c0, 0x0000026b471067a0]
Event: 1131.454 Thread 0x0000026b9b44d1f0 14067       3       java.util.concurrent.ScheduledThreadPoolExecutor$DelayedWorkQueue::add (9 bytes)
Event: 1131.455 Thread 0x0000026b9b44d1f0 nmethod 14067 0x0000026b47106890 code [0x0000026b47106a60, 0x0000026b47106d38]
Event: 1131.455 Thread 0x0000026b9b44d1f0 14068       3       java.util.concurrent.ScheduledThreadPoolExecutor$DelayedWorkQueue::add (6 bytes)
Event: 1131.455 Thread 0x0000026b9b44d1f0 nmethod 14068 0x0000026b47106e10 code [0x0000026b47106fc0, 0x0000026b47107118]
Event: 1151.468 Thread 0x0000026b9b44d1f0 14069       3       java.util.concurrent.ScheduledThreadPoolExecutor$ScheduledFutureTask::run (57 bytes)
Event: 1151.469 Thread 0x0000026b9b44d1f0 nmethod 14069 0x0000026b47107210 code [0x0000026b47107440, 0x0000026b471079b0]

GC Heap History (20 events):
Event: 970.720 GC heap before
{Heap before GC invocations=370 (full 3):
 PSYoungGen      total 2560K, used 2498K [0x00000000d5580000, 0x00000000d5a00000, 0x0000000100000000)
  eden space 1536K, 100% used [0x00000000d5580000,0x00000000d5700000,0x00000000d5700000)
  from space 1024K, 93% used [0x00000000d5900000,0x00000000d59f08d0,0x00000000d5a00000)
  to   space 1536K, 0% used [0x00000000d5700000,0x00000000d5700000,0x00000000d5880000)
 ParOldGen       total 268288K, used 268087K [0x0000000080000000, 0x0000000090600000, 0x00000000d5580000)
  object space 268288K, 99% used [0x0000000080000000,0x00000000905cdda0,0x0000000090600000)
 Metaspace       used 80312K, committed 82112K, reserved 1179648K
  class space    used 8640K, committed 9408K, reserved 1048576K
}
Event: 970.721 GC heap after
{Heap after GC invocations=370 (full 3):
 PSYoungGen      total 3072K, used 1536K [0x00000000d5580000, 0x00000000d5d80000, 0x0000000100000000)
  eden space 1536K, 0% used [0x00000000d5580000,0x00000000d5580000,0x00000000d5700000)
  from space 1536K, 100% used [0x00000000d5700000,0x00000000d5880000,0x00000000d5880000)
  to   space 3072K, 0% used [0x00000000d5a80000,0x00000000d5a80000,0x00000000d5d80000)
 ParOldGen       total 269312K, used 268961K [0x0000000080000000, 0x0000000090700000, 0x00000000d5580000)
  object space 269312K, 99% used [0x0000000080000000,0x00000000906a8670,0x0000000090700000)
 Metaspace       used 80312K, committed 82112K, reserved 1179648K
  class space    used 8640K, committed 9408K, reserved 1048576K
}
Event: 1073.994 GC heap before
{Heap before GC invocations=371 (full 3):
 PSYoungGen      total 3072K, used 3071K [0x00000000d5580000, 0x00000000d5d80000, 0x0000000100000000)
  eden space 1536K, 99% used [0x00000000d5580000,0x00000000d56fff90,0x00000000d5700000)
  from space 1536K, 100% used [0x00000000d5700000,0x00000000d5880000,0x00000000d5880000)
  to   space 3072K, 0% used [0x00000000d5a80000,0x00000000d5a80000,0x00000000d5d80000)
 ParOldGen       total 269312K, used 268961K [0x0000000080000000, 0x0000000090700000, 0x00000000d5580000)
  object space 269312K, 99% used [0x0000000080000000,0x00000000906a8670,0x0000000090700000)
 Metaspace       used 80314K, committed 82112K, reserved 1179648K
  class space    used 8641K, committed 9408K, reserved 1048576K
}
Event: 1073.999 GC heap after
{Heap after GC invocations=371 (full 3):
 PSYoungGen      total 3584K, used 1434K [0x00000000d5580000, 0x00000000d5c00000, 0x0000000100000000)
  eden space 2048K, 0% used [0x00000000d5580000,0x00000000d5580000,0x00000000d5780000)
  from space 1536K, 93% used [0x00000000d5a80000,0x00000000d5be6900,0x00000000d5c00000)
  to   space 2048K, 0% used [0x00000000d5800000,0x00000000d5800000,0x00000000d5a00000)
 ParOldGen       total 270848K, used 270489K [0x0000000080000000, 0x0000000090880000, 0x00000000d5580000)
  object space 270848K, 99% used [0x0000000080000000,0x0000000090826670,0x0000000090880000)
 Metaspace       used 80314K, committed 82112K, reserved 1179648K
  class space    used 8641K, committed 9408K, reserved 1048576K
}
Event: 1074.017 GC heap before
{Heap before GC invocations=372 (full 3):
 PSYoungGen      total 3584K, used 3482K [0x00000000d5580000, 0x00000000d5c00000, 0x0000000100000000)
  eden space 2048K, 100% used [0x00000000d5580000,0x00000000d5780000,0x00000000d5780000)
  from space 1536K, 93% used [0x00000000d5a80000,0x00000000d5be6900,0x00000000d5c00000)
  to   space 2048K, 0% used [0x00000000d5800000,0x00000000d5800000,0x00000000d5a00000)
 ParOldGen       total 270848K, used 270489K [0x0000000080000000, 0x0000000090880000, 0x00000000d5580000)
  object space 270848K, 99% used [0x0000000080000000,0x0000000090826670,0x0000000090880000)
 Metaspace       used 80314K, committed 82112K, reserved 1179648K
  class space    used 8641K, committed 9408K, reserved 1048576K
}
Event: 1074.021 GC heap after
{Heap after GC invocations=372 (full 3):
 PSYoungGen      total 4608K, used 610K [0x00000000d5580000, 0x00000000d5b00000, 0x0000000100000000)
  eden space 2560K, 0% used [0x00000000d5580000,0x00000000d5580000,0x00000000d5800000)
  from space 2048K, 29% used [0x00000000d5800000,0x00000000d58988d0,0x00000000d5a00000)
  to   space 1024K, 0% used [0x00000000d5a00000,0x00000000d5a00000,0x00000000d5b00000)
 ParOldGen       total 271872K, used 271822K [0x0000000080000000, 0x0000000090980000, 0x00000000d5580000)
  object space 271872K, 99% used [0x0000000080000000,0x0000000090973870,0x0000000090980000)
 Metaspace       used 80314K, committed 82112K, reserved 1179648K
  class space    used 8641K, committed 9408K, reserved 1048576K
}
Event: 1074.025 GC heap before
{Heap before GC invocations=373 (full 3):
 PSYoungGen      total 4608K, used 3170K [0x00000000d5580000, 0x00000000d5b00000, 0x0000000100000000)
  eden space 2560K, 100% used [0x00000000d5580000,0x00000000d5800000,0x00000000d5800000)
  from space 2048K, 29% used [0x00000000d5800000,0x00000000d58988d0,0x00000000d5a00000)
  to   space 1024K, 0% used [0x00000000d5a00000,0x00000000d5a00000,0x00000000d5b00000)
 ParOldGen       total 271872K, used 271822K [0x0000000080000000, 0x0000000090980000, 0x00000000d5580000)
  object space 271872K, 99% used [0x0000000080000000,0x0000000090973870,0x0000000090980000)
 Metaspace       used 80314K, committed 82112K, reserved 1179648K
  class space    used 8641K, committed 9408K, reserved 1048576K
}
Event: 1074.028 GC heap after
{Heap after GC invocations=373 (full 3):
 PSYoungGen      total 2048K, used 1024K [0x00000000d5580000, 0x00000000d5f80000, 0x0000000100000000)
  eden space 1024K, 0% used [0x00000000d5580000,0x00000000d5580000,0x00000000d5680000)
  from space 1024K, 100% used [0x00000000d5a00000,0x00000000d5b00000,0x00000000d5b00000)
  to   space 3584K, 0% used [0x00000000d5680000,0x00000000d5680000,0x00000000d5a00000)
 ParOldGen       total 273920K, used 273768K [0x0000000080000000, 0x0000000090b80000, 0x00000000d5580000)
  object space 273920K, 99% used [0x0000000080000000,0x0000000090b5a140,0x0000000090b80000)
 Metaspace       used 80314K, committed 82112K, reserved 1179648K
  class space    used 8641K, committed 9408K, reserved 1048576K
}
Event: 1074.031 GC heap before
{Heap before GC invocations=374 (full 3):
 PSYoungGen      total 2048K, used 2048K [0x00000000d5580000, 0x00000000d5f80000, 0x0000000100000000)
  eden space 1024K, 100% used [0x00000000d5580000,0x00000000d5680000,0x00000000d5680000)
  from space 1024K, 100% used [0x00000000d5a00000,0x00000000d5b00000,0x00000000d5b00000)
  to   space 3584K, 0% used [0x00000000d5680000,0x00000000d5680000,0x00000000d5a00000)
 ParOldGen       total 273920K, used 273768K [0x0000000080000000, 0x0000000090b80000, 0x00000000d5580000)
  object space 273920K, 99% used [0x0000000080000000,0x0000000090b5a140,0x0000000090b80000)
 Metaspace       used 80314K, committed 82112K, reserved 1179648K
  class space    used 8641K, committed 9408K, reserved 1048576K
}
Event: 1074.034 GC heap after
{Heap after GC invocations=374 (full 3):
 PSYoungGen      total 2048K, used 832K [0x00000000d5580000, 0x00000000d5b00000, 0x0000000100000000)
  eden space 1024K, 0% used [0x00000000d5580000,0x00000000d5580000,0x00000000d5680000)
  from space 1024K, 81% used [0x00000000d5680000,0x00000000d5750000,0x00000000d5780000)
  to   space 2048K, 0% used [0x00000000d5900000,0x00000000d5900000,0x00000000d5b00000)
 ParOldGen       total 274944K, used 274824K [0x0000000080000000, 0x0000000090c80000, 0x00000000d5580000)
  object space 274944K, 99% used [0x0000000080000000,0x0000000090c62140,0x0000000090c80000)
 Metaspace       used 80314K, committed 82112K, reserved 1179648K
  class space    used 8641K, committed 9408K, reserved 1048576K
}
Event: 1074.037 GC heap before
{Heap before GC invocations=375 (full 3):
 PSYoungGen      total 2048K, used 1855K [0x00000000d5580000, 0x00000000d5b00000, 0x0000000100000000)
  eden space 1024K, 99% used [0x00000000d5580000,0x00000000d567fff8,0x00000000d5680000)
  from space 1024K, 81% used [0x00000000d5680000,0x00000000d5750000,0x00000000d5780000)
  to   space 2048K, 0% used [0x00000000d5900000,0x00000000d5900000,0x00000000d5b00000)
 ParOldGen       total 274944K, used 274824K [0x0000000080000000, 0x0000000090c80000, 0x00000000d5580000)
  object space 274944K, 99% used [0x0000000080000000,0x0000000090c62140,0x0000000090c80000)
 Metaspace       used 80314K, committed 82112K, reserved 1179648K
  class space    used 8641K, committed 9408K, reserved 1048576K
}
Event: 1074.039 GC heap after
{Heap after GC invocations=375 (full 3):
 PSYoungGen      total 3072K, used 1059K [0x00000000d5580000, 0x00000000d5a80000, 0x0000000100000000)
  eden space 1536K, 0% used [0x00000000d5580000,0x00000000d5580000,0x00000000d5700000)
  from space 1536K, 68% used [0x00000000d5900000,0x00000000d5a08d38,0x00000000d5a80000)
  to   space 1536K, 0% used [0x00000000d5780000,0x00000000d5780000,0x00000000d5900000)
 ParOldGen       total 275968K, used 275608K [0x0000000080000000, 0x0000000090d80000, 0x00000000d5580000)
  object space 275968K, 99% used [0x0000000080000000,0x0000000090d26140,0x0000000090d80000)
 Metaspace       used 80314K, committed 82112K, reserved 1179648K
  class space    used 8641K, committed 9408K, reserved 1048576K
}
Event: 1074.042 GC heap before
{Heap before GC invocations=376 (full 3):
 PSYoungGen      total 3072K, used 2595K [0x00000000d5580000, 0x00000000d5a80000, 0x0000000100000000)
  eden space 1536K, 100% used [0x00000000d5580000,0x00000000d5700000,0x00000000d5700000)
  from space 1536K, 68% used [0x00000000d5900000,0x00000000d5a08d38,0x00000000d5a80000)
  to   space 1536K, 0% used [0x00000000d5780000,0x00000000d5780000,0x00000000d5900000)
 ParOldGen       total 275968K, used 275608K [0x0000000080000000, 0x0000000090d80000, 0x00000000d5580000)
  object space 275968K, 99% used [0x0000000080000000,0x0000000090d26140,0x0000000090d80000)
 Metaspace       used 80314K, committed 82112K, reserved 1179648K
  class space    used 8641K, committed 9408K, reserved 1048576K
}
Event: 1074.044 GC heap after
{Heap after GC invocations=376 (full 3):
 PSYoungGen      total 3584K, used 1536K [0x00000000d5580000, 0x00000000d5d80000, 0x0000000100000000)
  eden space 2048K, 0% used [0x00000000d5580000,0x00000000d5580000,0x00000000d5780000)
  from space 1536K, 100% used [0x00000000d5780000,0x00000000d5900000,0x00000000d5900000)
  to   space 3072K, 0% used [0x00000000d5a80000,0x00000000d5a80000,0x00000000d5d80000)
 ParOldGen       total 276480K, used 276442K [0x0000000080000000, 0x0000000090e00000, 0x00000000d5580000)
  object space 276480K, 99% used [0x0000000080000000,0x0000000090df6a10,0x0000000090e00000)
 Metaspace       used 80314K, committed 82112K, reserved 1179648K
  class space    used 8641K, committed 9408K, reserved 1048576K
}
Event: 1074.055 GC heap before
{Heap before GC invocations=377 (full 3):
 PSYoungGen      total 3584K, used 3584K [0x00000000d5580000, 0x00000000d5d80000, 0x0000000100000000)
  eden space 2048K, 100% used [0x00000000d5580000,0x00000000d5780000,0x00000000d5780000)
  from space 1536K, 100% used [0x00000000d5780000,0x00000000d5900000,0x00000000d5900000)
  to   space 3072K, 0% used [0x00000000d5a80000,0x00000000d5a80000,0x00000000d5d80000)
 ParOldGen       total 279552K, used 279451K [0x0000000080000000, 0x0000000091100000, 0x00000000d5580000)
  object space 279552K, 99% used [0x0000000080000000,0x00000000910e6c10,0x0000000091100000)
 Metaspace       used 80314K, committed 82112K, reserved 1179648K
  class space    used 8641K, committed 9408K, reserved 1048576K
}
Event: 1074.058 GC heap after
{Heap after GC invocations=377 (full 3):
 PSYoungGen      total 4608K, used 1562K [0x00000000d5580000, 0x00000000d5c80000, 0x0000000100000000)
  eden space 2560K, 0% used [0x00000000d5580000,0x00000000d5580000,0x00000000d5800000)
  from space 2048K, 76% used [0x00000000d5a80000,0x00000000d5c06900,0x00000000d5c80000)
  to   space 2048K, 0% used [0x00000000d5880000,0x00000000d5880000,0x00000000d5a80000)
 ParOldGen       total 281088K, used 280947K [0x0000000080000000, 0x0000000091280000, 0x00000000d5580000)
  object space 281088K, 99% used [0x0000000080000000,0x000000009125cc10,0x0000000091280000)
 Metaspace       used 80314K, committed 82112K, reserved 1179648K
  class space    used 8641K, committed 9408K, reserved 1048576K
}
Event: 1074.063 GC heap before
{Heap before GC invocations=378 (full 3):
 PSYoungGen      total 4608K, used 4122K [0x00000000d5580000, 0x00000000d5c80000, 0x0000000100000000)
  eden space 2560K, 100% used [0x00000000d5580000,0x00000000d5800000,0x00000000d5800000)
  from space 2048K, 76% used [0x00000000d5a80000,0x00000000d5c06900,0x00000000d5c80000)
  to   space 2048K, 0% used [0x00000000d5880000,0x00000000d5880000,0x00000000d5a80000)
 ParOldGen       total 281088K, used 280947K [0x0000000080000000, 0x0000000091280000, 0x00000000d5580000)
  object space 281088K, 99% used [0x0000000080000000,0x000000009125cc10,0x0000000091280000)
 Metaspace       used 80314K, committed 82112K, reserved 1179648K
  class space    used 8641K, committed 9408K, reserved 1048576K
}
Event: 1074.065 GC heap after
{Heap after GC invocations=378 (full 3):
 PSYoungGen      total 5120K, used 1538K [0x00000000d5580000, 0x00000000d5c80000, 0x0000000100000000)
  eden space 3072K, 0% used [0x00000000d5580000,0x00000000d5580000,0x00000000d5880000)
  from space 2048K, 75% used [0x00000000d5880000,0x00000000d5a008d0,0x00000000d5a80000)
  to   space 2048K, 0% used [0x00000000d5a80000,0x00000000d5a80000,0x00000000d5c80000)
 ParOldGen       total 282624K, used 282407K [0x0000000080000000, 0x0000000091400000, 0x00000000d5580000)
  object space 282624K, 99% used [0x0000000080000000,0x00000000913c9e10,0x0000000091400000)
 Metaspace       used 80314K, committed 82112K, reserved 1179648K
  class space    used 8641K, committed 9408K, reserved 1048576K
}
Event: 1074.069 GC heap before
{Heap before GC invocations=379 (full 3):
 PSYoungGen      total 5120K, used 4530K [0x00000000d5580000, 0x00000000d5c80000, 0x0000000100000000)
  eden space 3072K, 97% used [0x00000000d5580000,0x00000000d586c0a0,0x00000000d5880000)
  from space 2048K, 75% used [0x00000000d5880000,0x00000000d5a008d0,0x00000000d5a80000)
  to   space 2048K, 0% used [0x00000000d5a80000,0x00000000d5a80000,0x00000000d5c80000)
 ParOldGen       total 282624K, used 282407K [0x0000000080000000, 0x0000000091400000, 0x00000000d5580000)
  object space 282624K, 99% used [0x0000000080000000,0x00000000913c9e10,0x0000000091400000)
 Metaspace       used 80314K, committed 82112K, reserved 1179648K
  class space    used 8641K, committed 9408K, reserved 1048576K
}
Event: 1074.070 GC heap after
{Heap after GC invocations=379 (full 3):
 PSYoungGen      total 5120K, used 513K [0x00000000d5580000, 0x00000000d5b80000, 0x0000000100000000)
  eden space 4096K, 0% used [0x00000000d5580000,0x00000000d5580000,0x00000000d5980000)
  from space 1024K, 50% used [0x00000000d5a80000,0x00000000d5b00468,0x00000000d5b80000)
  to   space 1024K, 0% used [0x00000000d5980000,0x00000000d5980000,0x00000000d5a80000)
 ParOldGen       total 282624K, used 282503K [0x0000000080000000, 0x0000000091400000, 0x00000000d5580000)
  object space 282624K, 99% used [0x0000000080000000,0x00000000913e1e10,0x0000000091400000)
 Metaspace       used 80314K, committed 82112K, reserved 1179648K
  class space    used 8641K, committed 9408K, reserved 1048576K
}

Dll operation events (12 events):
Event: 0.811 Loaded shared library c:\Users\nicho\.vscode\extensions\redhat.java-1.54.0-win32-x64\jre\21.0.10-win32-x86_64\bin\java.dll
Event: 0.855 Loaded shared library c:\Users\nicho\.vscode\extensions\redhat.java-1.54.0-win32-x64\jre\21.0.10-win32-x86_64\bin\zip.dll
Event: 0.873 Loaded shared library C:\Users\nicho\.vscode\extensions\redhat.java-1.54.0-win32-x64\jre\21.0.10-win32-x86_64\bin\instrument.dll
Event: 0.946 Loaded shared library C:\Users\nicho\.vscode\extensions\redhat.java-1.54.0-win32-x64\jre\21.0.10-win32-x86_64\bin\net.dll
Event: 1.008 Loaded shared library C:\Users\nicho\.vscode\extensions\redhat.java-1.54.0-win32-x64\jre\21.0.10-win32-x86_64\bin\nio.dll
Event: 1.012 Loaded shared library C:\Users\nicho\.vscode\extensions\redhat.java-1.54.0-win32-x64\jre\21.0.10-win32-x86_64\bin\zip.dll
Event: 1.040 Loaded shared library C:\Users\nicho\.vscode\extensions\redhat.java-1.54.0-win32-x64\jre\21.0.10-win32-x86_64\bin\jimage.dll
Event: 1.147 Loaded shared library c:\Users\nicho\.vscode\extensions\redhat.java-1.54.0-win32-x64\jre\21.0.10-win32-x86_64\bin\verify.dll
Event: 21.101 Loaded shared library C:\Users\nicho\AppData\Roaming\Code\User\globalStorage\redhat.java\1.54.0\config_win\org.eclipse.equinox.launcher\org.eclipse.equinox.launcher.win32.win32.x86_64_1.3.0.v20260203-2149\eclipse_11919.dll
Event: 38.257 Loaded shared library C:\Users\nicho\AppData\Local\Temp\jna-104813839\jna1625844682566365050.dll
Event: 938.224 Loaded shared library C:\Users\nicho\.vscode\extensions\redhat.java-1.54.0-win32-x64\jre\21.0.10-win32-x86_64\bin\sunmscapi.dll
Event: 938.513 Loaded shared library C:\Users\nicho\.vscode\extensions\redhat.java-1.54.0-win32-x64\jre\21.0.10-win32-x86_64\bin\extnet.dll

Deoptimization events (20 events):
Event: 975.667 Thread 0x0000026ba450d700 Uncommon trap: trap_request=0xffffffc6 fr.pc=0x0000026b4d04c660 relative=0x0000000000000500
Event: 975.667 Thread 0x0000026ba450d700 Uncommon trap: reason=bimorphic_or_optimized_type_check action=maybe_recompile pc=0x0000026b4d04c660 method=java.util.HashMap.removeNode(ILjava/lang/Object;Ljava/lang/Object;ZZ)Ljava/util/HashMap$Node; @ 283 c2
Event: 975.667 Thread 0x0000026ba450d700 DEOPT PACKING pc=0x0000026b4d04c660 sp=0x000000c8f97ff2d0
Event: 975.668 Thread 0x0000026ba450d700 DEOPT UNPACKING pc=0x0000026b4c823aa2 sp=0x000000c8f97ff1d8 mode 2
Event: 1074.006 Thread 0x0000026ba1e83750 Uncommon trap: trap_request=0xffffffd6 fr.pc=0x0000026b4d879d84 relative=0x0000000000000784
Event: 1074.006 Thread 0x0000026ba1e83750 Uncommon trap: reason=array_check action=maybe_recompile pc=0x0000026b4d879d84 method=org.eclipse.jdt.internal.core.search.JavaSearchScope.addEnclosingProjectOrJar(Lorg/eclipse/core/runtime/IPath;)V @ 62 c2
Event: 1074.006 Thread 0x0000026ba1e83750 DEOPT PACKING pc=0x0000026b4d879d84 sp=0x000000c8f48fe080
Event: 1074.006 Thread 0x0000026ba1e83750 DEOPT UNPACKING pc=0x0000026b4c823aa2 sp=0x000000c8f48fe050 mode 2
Event: 1074.006 Thread 0x0000026ba1e83750 Uncommon trap: trap_request=0xffffffd6 fr.pc=0x0000026b4d879d84 relative=0x0000000000000784
Event: 1074.006 Thread 0x0000026ba1e83750 Uncommon trap: reason=array_check action=maybe_recompile pc=0x0000026b4d879d84 method=org.eclipse.jdt.internal.core.search.JavaSearchScope.addEnclosingProjectOrJar(Lorg/eclipse/core/runtime/IPath;)V @ 62 c2
Event: 1074.006 Thread 0x0000026ba1e83750 DEOPT PACKING pc=0x0000026b4d879d84 sp=0x000000c8f48fe080
Event: 1074.006 Thread 0x0000026ba1e83750 DEOPT UNPACKING pc=0x0000026b4c823aa2 sp=0x000000c8f48fe050 mode 2
Event: 1074.006 Thread 0x0000026ba1e83750 Uncommon trap: trap_request=0xffffffd6 fr.pc=0x0000026b4d879d84 relative=0x0000000000000784
Event: 1074.006 Thread 0x0000026ba1e83750 Uncommon trap: reason=array_check action=maybe_recompile pc=0x0000026b4d879d84 method=org.eclipse.jdt.internal.core.search.JavaSearchScope.addEnclosingProjectOrJar(Lorg/eclipse/core/runtime/IPath;)V @ 62 c2
Event: 1074.006 Thread 0x0000026ba1e83750 DEOPT PACKING pc=0x0000026b4d879d84 sp=0x000000c8f48fe080
Event: 1074.006 Thread 0x0000026ba1e83750 DEOPT UNPACKING pc=0x0000026b4c823aa2 sp=0x000000c8f48fe050 mode 2
Event: 1074.006 Thread 0x0000026ba1e83750 Uncommon trap: trap_request=0xffffffd6 fr.pc=0x0000026b4d879d84 relative=0x0000000000000784
Event: 1074.006 Thread 0x0000026ba1e83750 Uncommon trap: reason=array_check action=maybe_recompile pc=0x0000026b4d879d84 method=org.eclipse.jdt.internal.core.search.JavaSearchScope.addEnclosingProjectOrJar(Lorg/eclipse/core/runtime/IPath;)V @ 62 c2
Event: 1074.006 Thread 0x0000026ba1e83750 DEOPT PACKING pc=0x0000026b4d879d84 sp=0x000000c8f48fe080
Event: 1074.006 Thread 0x0000026ba1e83750 DEOPT UNPACKING pc=0x0000026b4c823aa2 sp=0x000000c8f48fe050 mode 2

Classes loaded (20 events):
Event: 970.613 Loading class sun/security/ssl/SSLEngineOutputRecord
Event: 970.614 Loading class sun/security/ssl/SSLEngineOutputRecord done
Event: 970.615 Loading class sun/security/ssl/SSLEngineOutputRecord$HandshakeFragment
Event: 970.615 Loading class sun/security/ssl/SSLEngineOutputRecord$HandshakeFragment done
Event: 970.615 Loading class sun/security/ssl/SSLEngineOutputRecord$HandshakeMemo
Event: 970.615 Loading class sun/security/ssl/SSLEngineOutputRecord$RecordMemo
Event: 970.615 Loading class sun/security/ssl/SSLEngineOutputRecord$RecordMemo done
Event: 970.615 Loading class sun/security/ssl/SSLEngineOutputRecord$HandshakeMemo done
Event: 970.622 Loading class sun/security/ssl/PreSharedKeyExtension$SHPreSharedKeySpec
Event: 970.622 Loading class sun/security/ssl/PreSharedKeyExtension$SHPreSharedKeySpec done
Event: 970.654 Loading class sun/net/www/protocol/http/HttpURLConnection$HttpInputStream
Event: 970.654 Loading class sun/net/www/protocol/http/HttpURLConnection$HttpInputStream done
Event: 970.659 Loading class sun/net/www/http/KeepAliveCache$1
Event: 970.659 Loading class sun/net/www/http/KeepAliveCache$1 done
Event: 970.660 Loading class sun/net/www/http/KeepAliveCache$ClientVector
Event: 970.660 Loading class sun/net/www/http/KeepAliveCache$ClientVector done
Event: 970.664 Loading class sun/net/www/http/KeepAliveEntry
Event: 970.664 Loading class sun/net/www/http/KeepAliveEntry done
Event: 975.681 Loading class sun/net/ConnectionResetException
Event: 975.681 Loading class sun/net/ConnectionResetException done

Classes unloaded (15 events):
Event: 38.812 Thread 0x0000026b58b13650 Unloading class 0x0000026b5a1a8c00 'java/lang/invoke/LambdaForm$MH+0x0000026b5a1a8c00'
Event: 38.812 Thread 0x0000026b58b13650 Unloading class 0x0000026b5a1a8800 'java/lang/invoke/LambdaForm$MH+0x0000026b5a1a8800'
Event: 38.812 Thread 0x0000026b58b13650 Unloading class 0x0000026b5a1a8400 'java/lang/invoke/LambdaForm$MH+0x0000026b5a1a8400'
Event: 38.812 Thread 0x0000026b58b13650 Unloading class 0x0000026b5a1a8000 'java/lang/invoke/LambdaForm$MH+0x0000026b5a1a8000'
Event: 38.812 Thread 0x0000026b58b13650 Unloading class 0x0000026b5a1a7c00 'java/lang/invoke/LambdaForm$BMH+0x0000026b5a1a7c00'
Event: 38.812 Thread 0x0000026b58b13650 Unloading class 0x0000026b5a1a7800 'java/lang/invoke/LambdaForm$DMH+0x0000026b5a1a7800'
Event: 38.812 Thread 0x0000026b58b13650 Unloading class 0x0000026b5a1a6400 'java/lang/invoke/LambdaForm$DMH+0x0000026b5a1a6400'
Event: 45.539 Thread 0x0000026b58b13650 Unloading class 0x0000026b5a6dc400 'java/lang/invoke/LambdaForm$DMH+0x0000026b5a6dc400'
Event: 45.539 Thread 0x0000026b58b13650 Unloading class 0x0000026b5a660400 'java/lang/invoke/LambdaForm$MH+0x0000026b5a660400'
Event: 45.539 Thread 0x0000026b58b13650 Unloading class 0x0000026b5a660000 'java/lang/invoke/LambdaForm$MH+0x0000026b5a660000'
Event: 45.539 Thread 0x0000026b58b13650 Unloading class 0x0000026b5a655400 'java/lang/invoke/LambdaForm$MH+0x0000026b5a655400'
Event: 45.539 Thread 0x0000026b58b13650 Unloading class 0x0000026b5a655000 'java/lang/invoke/LambdaForm$MH+0x0000026b5a655000'
Event: 45.539 Thread 0x0000026b58b13650 Unloading class 0x0000026b5a654c00 'java/lang/invoke/LambdaForm$MH+0x0000026b5a654c00'
Event: 45.539 Thread 0x0000026b58b13650 Unloading class 0x0000026b5a654800 'java/lang/invoke/LambdaForm$MH+0x0000026b5a654800'
Event: 45.539 Thread 0x0000026b58b13650 Unloading class 0x0000026b5a654000 'java/lang/invoke/LambdaForm$MH+0x0000026b5a654000'

Classes redefined (0 events):
No events

Internal exceptions (20 events):
Event: 942.380 Thread 0x0000026b9b644050 Exception <a 'sun/nio/fs/WindowsException'{0x00000000d55c9f98}> (0x00000000d55c9f98) 
thrown [s\src\hotspot\share\prims\jni.cpp, line 520]
Event: 942.400 Thread 0x0000026b9b644050 Exception <a 'java/lang/NoSuchMethodError'{0x00000000d561fca8}: 'java.lang.Object java.lang.invoke.DirectMethodHandle$Holder.invokeSpecial(java.lang.Object, java.lang.Object, int, java.lang.Object, java.lang.Object, java.lang.Object, java.lang.Object)'> (0x00000000d561fca8) 
thrown [s\src\hotspot\share\interpreter\linkResolver.cpp, line 773]
Event: 942.401 Thread 0x0000026b9b644050 Exception <a 'java/lang/NoSuchMethodError'{0x00000000d5627040}: 'java.lang.Object java.lang.invoke.DirectMethodHandle$Holder.newInvokeSpecial(java.lang.Object, java.lang.Object, int, java.lang.Object, java.lang.Object)'> (0x00000000d5627040) 
thrown [s\src\hotspot\share\interpreter\linkResolver.cpp, line 773]
Event: 942.403 Thread 0x0000026b9b644050 Exception <a 'java/lang/NoSuchMethodError'{0x00000000d56403b0}: 'java.lang.Object java.lang.invoke.DirectMethodHandle$Holder.invokeSpecial(java.lang.Object, java.lang.Object, java.lang.Object, int, java.lang.Object, java.lang.Object, java.lang.Object)'> (0x00000000d56403b0) 
thrown [s\src\hotspot\share\interpreter\linkResolver.cpp, line 773]
Event: 942.405 Thread 0x0000026b9b644050 Exception <a 'java/lang/NoSuchMethodError'{0x00000000d56482f8}: 'java.lang.Object java.lang.invoke.DirectMethodHandle$Holder.invokeStatic(java.lang.Object, java.lang.Object, int, java.lang.Object, java.lang.Object)'> (0x00000000d56482f8) 
thrown [s\src\hotspot\share\interpreter\linkResolver.cpp, line 773]
Event: 942.418 Thread 0x0000026b9b644050 Exception <a 'java/lang/NoSuchMethodError'{0x00000000d56cc170}: 'void java.lang.invoke.DirectMethodHandle$Holder.invokeStatic(java.lang.Object, int)'> (0x00000000d56cc170) 
thrown [s\src\hotspot\share\interpreter\linkResolver.cpp, line 773]
Event: 943.004 Thread 0x0000026b9b644050 Exception <a 'java/io/FileNotFoundException'{0x00000000d5643460}> (0x00000000d5643460) 
thrown [s\src\hotspot\share\prims\jni.cpp, line 520]
Event: 943.005 Thread 0x0000026b9b644050 Exception <a 'java/io/FileNotFoundException'{0x00000000d5644730}> (0x00000000d5644730) 
thrown [s\src\hotspot\share\prims\jni.cpp, line 520]
Event: 943.005 Thread 0x0000026b9b644050 Exception <a 'java/io/FileNotFoundException'{0x00000000d5645760}> (0x00000000d5645760) 
thrown [s\src\hotspot\share\prims\jni.cpp, line 520]
Event: 943.027 Thread 0x0000026b9b644050 Implicit null exception at 0x0000026b4d3b9015 to 0x0000026b4d3b9604
Event: 943.208 Thread 0x0000026b9b644050 Implicit null exception at 0x0000026b4d07dd63 to 0x0000026b4d07ec78
Event: 943.210 Thread 0x0000026b9b644050 Implicit null exception at 0x0000026b4d40c8ba to 0x0000026b4d40ca60
Event: 969.087 Thread 0x0000026ba1e87260 Implicit null exception at 0x0000026b4d3b2c88 to 0x0000026b4d3b36e4
Event: 969.087 Thread 0x0000026ba1e87260 Implicit null exception at 0x0000026b4d05b92b to 0x0000026b4d05c63c
Event: 970.678 Thread 0x0000026ba1e87260 Exception <a 'sun/nio/fs/WindowsException'{0x00000000d574ffb0}> (0x00000000d574ffb0) 
thrown [s\src\hotspot\share\prims\jni.cpp, line 520]
Event: 970.678 Thread 0x0000026ba1e87260 Exception <a 'sun/nio/fs/WindowsException'{0x00000000d57506d8}> (0x00000000d57506d8) 
thrown [s\src\hotspot\share\prims\jni.cpp, line 520]
Event: 975.681 Thread 0x0000026ba450d700 Exception <a 'sun/net/ConnectionResetException'{0x00000000d56ca460}: Connection reset> (0x00000000d56ca460) 
thrown [s\src\hotspot\share\prims\jni.cpp, line 539]
Event: 1074.053 Thread 0x0000026ba1e83750 Exception <a 'sun/nio/fs/WindowsException'{0x00000000d5757718}> (0x00000000d5757718) 
thrown [s\src\hotspot\share\prims\jni.cpp, line 520]
Event: 1074.053 Thread 0x0000026ba1e83750 Exception <a 'sun/nio/fs/WindowsException'{0x00000000d5757e40}> (0x00000000d5757e40) 
thrown [s\src\hotspot\share\prims\jni.cpp, line 520]
Event: 1141.297 Thread 0x0000026ba2bca520 Exception <a 'java/lang/IncompatibleClassChangeError'{0x00000000d58e2058}: Found class java.lang.Object, but interface was expected> (0x00000000d58e2058) 
thrown [s\src\hotspot\share\interpreter\linkResolver.cpp, line 840]

ZGC Phase Switch (0 events):
No events

VM Operations (20 events):
Event: 1073.994 Executing safepoint VM operation: ParallelGCFailedAllocation (Allocation Failure)
Event: 1073.999 Executing safepoint VM operation: ParallelGCFailedAllocation (Allocation Failure) done
Event: 1074.017 Executing safepoint VM operation: ParallelGCFailedAllocation (Allocation Failure)
Event: 1074.021 Executing safepoint VM operation: ParallelGCFailedAllocation (Allocation Failure) done
Event: 1074.025 Executing safepoint VM operation: ParallelGCFailedAllocation (Allocation Failure)
Event: 1074.029 Executing safepoint VM operation: ParallelGCFailedAllocation (Allocation Failure) done
Event: 1074.031 Executing safepoint VM operation: ParallelGCFailedAllocation (Allocation Failure)
Event: 1074.034 Executing safepoint VM operation: ParallelGCFailedAllocation (Allocation Failure) done
Event: 1074.037 Executing safepoint VM operation: ParallelGCFailedAllocation (Allocation Failure)
Event: 1074.039 Executing safepoint VM operation: ParallelGCFailedAllocation (Allocation Failure) done
Event: 1074.042 Executing safepoint VM operation: ParallelGCFailedAllocation (Allocation Failure)
Event: 1074.044 Executing safepoint VM operation: ParallelGCFailedAllocation (Allocation Failure) done
Event: 1074.055 Executing safepoint VM operation: ParallelGCFailedAllocation (Allocation Failure)
Event: 1074.059 Executing safepoint VM operation: ParallelGCFailedAllocation (Allocation Failure) done
Event: 1074.063 Executing safepoint VM operation: ParallelGCFailedAllocation (Allocation Failure)
Event: 1074.065 Executing safepoint VM operation: ParallelGCFailedAllocation (Allocation Failure) done
Event: 1074.069 Executing safepoint VM operation: ParallelGCFailedAllocation (Allocation Failure)
Event: 1074.070 Executing safepoint VM operation: ParallelGCFailedAllocation (Allocation Failure) done
Event: 1141.595 Executing safepoint VM operation: Cleanup
Event: 1141.595 Executing safepoint VM operation: Cleanup done

Memory protections (0 events):
No events

Nmethod flushes (20 events):
Event: 45.553 Thread 0x0000026b58b13650 flushing  nmethod 0x0000026b45bbce90
Event: 45.553 Thread 0x0000026b58b13650 flushing  nmethod 0x0000026b45bc0390
Event: 45.553 Thread 0x0000026b58b13650 flushing  nmethod 0x0000026b45bc3e90
Event: 45.553 Thread 0x0000026b58b13650 flushing  nmethod 0x0000026b45bc4990
Event: 45.553 Thread 0x0000026b58b13650 flushing  nmethod 0x0000026b45bc4d10
Event: 45.553 Thread 0x0000026b58b13650 flushing  nmethod 0x0000026b45bc5310
Event: 45.553 Thread 0x0000026b58b13650 flushing  nmethod 0x0000026b45bc6d10
Event: 45.553 Thread 0x0000026b58b13650 flushing  nmethod 0x0000026b45bd4490
Event: 45.553 Thread 0x0000026b58b13650 flushing  nmethod 0x0000026b45bf2a10
Event: 45.553 Thread 0x0000026b58b13650 flushing  nmethod 0x0000026b45c00a90
Event: 45.553 Thread 0x0000026b58b13650 flushing  nmethod 0x0000026b45c14b90
Event: 45.553 Thread 0x0000026b58b13650 flushing  nmethod 0x0000026b45c51a10
Event: 45.553 Thread 0x0000026b58b13650 flushing  nmethod 0x0000026b45c53510
Event: 45.553 Thread 0x0000026b58b13650 flushing  nmethod 0x0000026b45c54e10
Event: 45.553 Thread 0x0000026b58b13650 flushing  nmethod 0x0000026b45c57990
Event: 45.553 Thread 0x0000026b58b13650 flushing  nmethod 0x0000026b45c58390
Event: 45.553 Thread 0x0000026b58b13650 flushing  nmethod 0x0000026b45c58810
Event: 45.553 Thread 0x0000026b58b13650 flushing  nmethod 0x0000026b45c58b90
Event: 45.553 Thread 0x0000026b58b13650 flushing  nmethod 0x0000026b45c59590
Event: 45.553 Thread 0x0000026b58b13650 flushing  nmethod 0x0000026b45c62510

Events (20 events):
Event: 956.256 Thread 0x0000026b9b44d1f0 Thread added: 0x0000026ba34192d0
Event: 956.433 Thread 0x0000026ba34192d0 Thread exited: 0x0000026ba34192d0
Event: 956.807 Thread 0x0000026ba341a740 Thread exited: 0x0000026ba341a740
Event: 969.303 Thread 0x0000026b9b442090 Thread added: 0x0000026ba341a740
Event: 969.309 Thread 0x0000026ba1e87260 Thread added: 0x0000026ba450d700
Event: 969.309 Thread 0x0000026ba450d700 Thread exited: 0x0000026ba450d700
Event: 970.627 Thread 0x0000026ba1e87260 Thread added: 0x0000026ba450d700
Event: 970.628 Thread 0x0000026ba450d700 Thread exited: 0x0000026ba450d700
Event: 970.660 Thread 0x0000026ba1e87260 Thread added: 0x0000026ba450d700
Event: 975.668 Thread 0x0000026ba341a740 Thread exited: 0x0000026ba341a740
Event: 980.683 Thread 0x0000026ba450d700 Thread exited: 0x0000026ba450d700
Event: 1002.350 Thread 0x0000026ba45081b0 Thread exited: 0x0000026ba45081b0
Event: 1002.381 Thread 0x0000026ba4509bf0 Thread exited: 0x0000026ba4509bf0
Event: 1004.392 Thread 0x0000026ba1c94220 Thread exited: 0x0000026ba1c94220
Event: 1004.408 Thread 0x0000026b9b644050 Thread exited: 0x0000026b9b644050
Event: 1030.723 Thread 0x0000026ba1e87260 Thread exited: 0x0000026ba1e87260
Event: 1062.361 Thread 0x0000026ba1c95c60 Thread exited: 0x0000026ba1c95c60
Event: 1074.016 Thread 0x0000026ba1e85190 Thread added: 0x0000026ba45081b0
Event: 1122.365 Thread 0x0000026ba1c962f0 Thread exited: 0x0000026ba1c962f0
Event: 1134.085 Thread 0x0000026ba1e83750 Thread exited: 0x0000026ba1e83750


Dynamic libraries:
0x00007ff6b14f0000 - 0x00007ff6b14fe000 	c:\Users\nicho\.vscode\extensions\redhat.java-1.54.0-win32-x64\jre\21.0.10-win32-x86_64\bin\java.exe
0x00007ffc499c0000 - 0x00007ffc49c27000 	C:\windows\SYSTEM32\ntdll.dll
0x00007ffc47870000 - 0x00007ffc47939000 	C:\windows\System32\KERNEL32.DLL
0x00007ffc47090000 - 0x00007ffc47487000 	C:\windows\System32\KERNELBASE.dll
0x00007ffc46dc0000 - 0x00007ffc46f0b000 	C:\windows\System32\ucrtbase.dll
0x00007ffc3eca0000 - 0x00007ffc3ecb8000 	c:\Users\nicho\.vscode\extensions\redhat.java-1.54.0-win32-x64\jre\21.0.10-win32-x86_64\bin\jli.dll
0x00007ffc3ed80000 - 0x00007ffc3ed9e000 	c:\Users\nicho\.vscode\extensions\redhat.java-1.54.0-win32-x64\jre\21.0.10-win32-x86_64\bin\VCRUNTIME140.dll
0x00007ffc48ec0000 - 0x00007ffc49086000 	C:\windows\System32\USER32.dll
0x00007ffc247e0000 - 0x00007ffc24a72000 	C:\windows\WinSxS\amd64_microsoft.windows.common-controls_6595b64144ccf1df_6.0.26100.8457_none_3e0b2faee331e92d\COMCTL32.dll
0x00007ffc46c60000 - 0x00007ffc46c87000 	C:\windows\System32\win32u.dll
0x00007ffc47a00000 - 0x00007ffc47aa9000 	C:\windows\System32\msvcrt.dll
0x00007ffc494a0000 - 0x00007ffc494cb000 	C:\windows\System32\GDI32.dll
0x00007ffc46c90000 - 0x00007ffc46dbc000 	C:\windows\System32\gdi32full.dll
0x00007ffc475d0000 - 0x00007ffc47673000 	C:\windows\System32\msvcp_win.dll
0x00007ffc47b10000 - 0x00007ffc47b42000 	C:\windows\System32\IMM32.DLL
0x00007ffc3ecd0000 - 0x00007ffc3ecdc000 	c:\Users\nicho\.vscode\extensions\redhat.java-1.54.0-win32-x64\jre\21.0.10-win32-x86_64\bin\vcruntime140_1.dll
0x00007ffc16b70000 - 0x00007ffc16bfd000 	c:\Users\nicho\.vscode\extensions\redhat.java-1.54.0-win32-x64\jre\21.0.10-win32-x86_64\bin\msvcp140.dll
0x00007ffb9f570000 - 0x00007ffba0311000 	c:\Users\nicho\.vscode\extensions\redhat.java-1.54.0-win32-x64\jre\21.0.10-win32-x86_64\bin\server\jvm.dll
0x00007ffc47940000 - 0x00007ffc479f6000 	C:\windows\System32\ADVAPI32.dll
0x00007ffc490a0000 - 0x00007ffc49147000 	C:\windows\System32\sechost.dll
0x00007ffc47740000 - 0x00007ffc47858000 	C:\windows\System32\RPCRT4.dll
0x00007ffc49860000 - 0x00007ffc498e0000 	C:\windows\System32\WS2_32.dll
0x00007ffc46250000 - 0x00007ffc462ae000 	C:\windows\SYSTEM32\POWRPROF.dll
0x00007ffc3c500000 - 0x00007ffc3c536000 	C:\windows\SYSTEM32\WINMM.dll
0x00007ffc334a0000 - 0x00007ffc334ab000 	C:\windows\SYSTEM32\VERSION.dll
0x00007ffc46230000 - 0x00007ffc46244000 	C:\windows\SYSTEM32\UMPDC.dll
0x00007ffc45150000 - 0x00007ffc4516b000 	C:\windows\SYSTEM32\kernel.appcore.dll
0x00007ffc33fd0000 - 0x00007ffc33fda000 	c:\Users\nicho\.vscode\extensions\redhat.java-1.54.0-win32-x64\jre\21.0.10-win32-x86_64\bin\jimage.dll
0x00007ffc442f0000 - 0x00007ffc44532000 	C:\windows\SYSTEM32\DBGHELP.DLL
0x00007ffc494d0000 - 0x00007ffc49853000 	C:\windows\System32\combase.dll
0x00007ffc47ff0000 - 0x00007ffc480c9000 	C:\windows\System32\OLEAUT32.dll
0x00007ffc1fe70000 - 0x00007ffc1feab000 	C:\windows\SYSTEM32\dbgcore.DLL
0x00007ffc47520000 - 0x00007ffc475c8000 	C:\windows\System32\bcryptPrimitives.dll
0x00007ffc40d60000 - 0x00007ffc40d6f000 	c:\Users\nicho\.vscode\extensions\redhat.java-1.54.0-win32-x64\jre\21.0.10-win32-x86_64\bin\instrument.dll
0x00007ffc35990000 - 0x00007ffc359b0000 	c:\Users\nicho\.vscode\extensions\redhat.java-1.54.0-win32-x64\jre\21.0.10-win32-x86_64\bin\java.dll
0x00007ffc48720000 - 0x00007ffc48e8e000 	C:\windows\System32\SHELL32.dll
0x00007ffc463f0000 - 0x00007ffc46c5c000 	C:\windows\System32\windows.storage.dll
0x00007ffc48560000 - 0x00007ffc48656000 	C:\windows\System32\SHCORE.dll
0x00007ffc49150000 - 0x00007ffc491b6000 	C:\windows\System32\shlwapi.dll
0x00007ffc46310000 - 0x00007ffc46339000 	C:\windows\SYSTEM32\profapi.dll
0x00007ffc33ee0000 - 0x00007ffc33ef8000 	c:\Users\nicho\.vscode\extensions\redhat.java-1.54.0-win32-x64\jre\21.0.10-win32-x86_64\bin\zip.dll
0x00007ffc3efc0000 - 0x00007ffc3efd0000 	C:\Users\nicho\.vscode\extensions\redhat.java-1.54.0-win32-x64\jre\21.0.10-win32-x86_64\bin\net.dll
0x00007ffc3c260000 - 0x00007ffc3c389000 	C:\windows\SYSTEM32\WINHTTP.dll
0x00007ffc456a0000 - 0x00007ffc4570c000 	C:\windows\system32\mswsock.dll
0x00007ffc323e0000 - 0x00007ffc323f6000 	C:\Users\nicho\.vscode\extensions\redhat.java-1.54.0-win32-x64\jre\21.0.10-win32-x86_64\bin\nio.dll
0x00007ffc3ecc0000 - 0x00007ffc3ecd0000 	c:\Users\nicho\.vscode\extensions\redhat.java-1.54.0-win32-x64\jre\21.0.10-win32-x86_64\bin\verify.dll
0x00007ffc32270000 - 0x00007ffc322b5000 	C:\Users\nicho\AppData\Roaming\Code\User\globalStorage\redhat.java\1.54.0\config_win\org.eclipse.equinox.launcher\org.eclipse.equinox.launcher.win32.win32.x86_64_1.3.0.v20260203-2149\eclipse_11919.dll
0x00007ffc47b50000 - 0x00007ffc47ce7000 	C:\windows\System32\ole32.dll
0x00007ffc45960000 - 0x00007ffc4597b000 	C:\windows\SYSTEM32\CRYPTSP.dll
0x00007ffc450b0000 - 0x00007ffc450e9000 	C:\windows\system32\rsaenh.dll
0x00007ffc45750000 - 0x00007ffc45783000 	C:\windows\SYSTEM32\USERENV.dll
0x00007ffc462e0000 - 0x00007ffc4630a000 	C:\windows\SYSTEM32\bcrypt.dll
0x00007ffc45980000 - 0x00007ffc4598c000 	C:\windows\SYSTEM32\CRYPTBASE.dll
0x00007ffc44b80000 - 0x00007ffc44bb2000 	C:\windows\SYSTEM32\IPHLPAPI.DLL
0x00007ffc47df0000 - 0x00007ffc47dfa000 	C:\windows\System32\NSI.dll
0x00007ffc1d790000 - 0x00007ffc1d7d9000 	C:\Users\nicho\AppData\Local\Temp\jna-104813839\jna1625844682566365050.dll
0x00007ffc47fe0000 - 0x00007ffc47fe8000 	C:\windows\System32\PSAPI.DLL
0x00007ffc3c480000 - 0x00007ffc3c49d000 	C:\windows\SYSTEM32\dhcpcsvc6.DLL
0x00007ffc3c450000 - 0x00007ffc3c475000 	C:\windows\SYSTEM32\dhcpcsvc.DLL
0x00007ffc359e0000 - 0x00007ffc359ee000 	C:\Users\nicho\.vscode\extensions\redhat.java-1.54.0-win32-x64\jre\21.0.10-win32-x86_64\bin\sunmscapi.dll
0x00007ffc46f10000 - 0x00007ffc47088000 	C:\windows\System32\CRYPT32.dll
0x00007ffc45bf0000 - 0x00007ffc45c20000 	C:\windows\SYSTEM32\ncrypt.dll
0x00007ffc45ba0000 - 0x00007ffc45bdf000 	C:\windows\SYSTEM32\NTASN1.dll
0x00007ffc44c20000 - 0x00007ffc44d52000 	C:\windows\SYSTEM32\DNSAPI.dll
0x00007ffc3bf30000 - 0x00007ffc3bf3b000 	C:\Windows\System32\rasadhlp.dll
0x00007ffc3ded0000 - 0x00007ffc3df56000 	C:\windows\System32\fwpuclnt.dll
0x00007ffc35b20000 - 0x00007ffc35b29000 	C:\Users\nicho\.vscode\extensions\redhat.java-1.54.0-win32-x64\jre\21.0.10-win32-x86_64\bin\extnet.dll

JVMTI agents:
c:\Users\nicho\.vscode\extensions\redhat.java-1.54.0-win32-x64\lombok\lombok-1.18.39-4050.jar path:c:\Users\nicho\.vscode\extensions\redhat.java-1.54.0-win32-x64\jre\21.0.10-win32-x86_64\bin\instrument.dll, loaded, initialized, instrumentlib options:none

dbghelp: loaded successfully - version: 4.0.5 - missing functions: none
symbol engine: initialized successfully - sym options: 0x614 - pdb path: .;c:\Users\nicho\.vscode\extensions\redhat.java-1.54.0-win32-x64\jre\21.0.10-win32-x86_64\bin;C:\windows\SYSTEM32;C:\windows\WinSxS\amd64_microsoft.windows.common-controls_6595b64144ccf1df_6.0.26100.8457_none_3e0b2faee331e92d;c:\Users\nicho\.vscode\extensions\redhat.java-1.54.0-win32-x64\jre\21.0.10-win32-x86_64\bin\server;C:\Users\nicho\AppData\Roaming\Code\User\globalStorage\redhat.java\1.54.0\config_win\org.eclipse.equinox.launcher\org.eclipse.equinox.launcher.win32.win32.x86_64_1.3.0.v20260203-2149;C:\Users\nicho\AppData\Local\Temp\jna-104813839

VM Arguments:
jvm_args: --add-modules=ALL-SYSTEM --add-opens=java.base/java.util=ALL-UNNAMED --add-opens=java.base/java.lang=ALL-UNNAMED --add-opens=java.base/sun.nio.fs=ALL-UNNAMED -Declipse.application=org.eclipse.jdt.ls.core.id1 -Dosgi.bundles.defaultStartLevel=4 -Declipse.product=org.eclipse.jdt.ls.core.product -Djava.import.generatesMetadataFilesAtProjectRoot=false -DDetectVMInstallationsJob.disabled=true -Dfile.encoding=utf8 -XX:+UseParallelGC -XX:GCTimeRatio=4 -XX:AdaptiveSizePolicyWeight=90 -Dsun.zip.disableMemoryMapping=true -Xmx2G -Xms100m -Xlog:disable -javaagent:c:\Users\nicho\.vscode\extensions\redhat.java-1.54.0-win32-x64\lombok\lombok-1.18.39-4050.jar -XX:+HeapDumpOnOutOfMemoryError -XX:HeapDumpPath=c:\Users\nicho\AppData\Roaming\Code\User\workspaceStorage\6b3a6f2e862f2e47d33456e41c4a9a24\redhat.java -Daether.dependencyCollector.impl=bf 
java_command: c:\Users\nicho\.vscode\extensions\redhat.java-1.54.0-win32-x64\server\plugins\org.eclipse.equinox.launcher_1.7.100.v20251111-0406.jar -configuration c:\Users\nicho\AppData\Roaming\Code\User\globalStorage\redhat.java\1.54.0\config_win -data c:\Users\nicho\AppData\Roaming\Code\User\workspaceStorage\6b3a6f2e862f2e47d33456e41c4a9a24\redhat.java\jdt_ws --pipe=\\.\pipe\lsp-3955adc5ef500a25f9c9a35285c65573-sock
java_class_path (initial): c:\Users\nicho\.vscode\extensions\redhat.java-1.54.0-win32-x64\server\plugins\org.eclipse.equinox.launcher_1.7.100.v20251111-0406.jar
Launcher Type: SUN_STANDARD

[Global flags]
    uintx AdaptiveSizePolicyWeight                 = 90                                        {product} {command line}
     intx CICompilerCount                          = 4                                         {product} {ergonomic}
    uintx GCTimeRatio                              = 4                                         {product} {command line}
     bool HeapDumpOnOutOfMemoryError               = true                                   {manageable} {command line}
    ccstr HeapDumpPath                             = c:\Users\nicho\AppData\Roaming\Code\User\workspaceStorage\6b3a6f2e862f2e47d33456e41c4a9a24\redhat.java         {manageable} {command line}
   size_t InitialHeapSize                          = 104857600                                 {product} {command line}
   size_t MaxHeapSize                              = 2147483648                                {product} {command line}
   size_t MaxNewSize                               = 715653120                                 {product} {ergonomic}
   size_t MinHeapDeltaBytes                        = 524288                                    {product} {ergonomic}
   size_t MinHeapSize                              = 104857600                                 {product} {command line}
   size_t NewSize                                  = 34603008                                  {product} {ergonomic}
    uintx NonNMethodCodeHeapSize                   = 5839372                                {pd product} {ergonomic}
    uintx NonProfiledCodeHeapSize                  = 122909434                              {pd product} {ergonomic}
   size_t OldSize                                  = 70254592                                  {product} {ergonomic}
    uintx ProfiledCodeHeapSize                     = 122909434                              {pd product} {ergonomic}
    uintx ReservedCodeCacheSize                    = 251658240                              {pd product} {ergonomic}
     bool SegmentedCodeCache                       = true                                      {product} {ergonomic}
   size_t SoftMaxHeapSize                          = 2147483648                             {manageable} {ergonomic}
     bool UseCompressedOops                        = true                           {product lp64_product} {ergonomic}
     bool UseLargePagesIndividualAllocation        = false                                  {pd product} {ergonomic}
     bool UseParallelGC                            = true                                      {product} {command line}

Logging:
Log output configuration:
 #0: stdout all=off uptime,level,tags foldmultilines=false
 #1: stderr all=off uptime,level,tags foldmultilines=false

Release file:
JAVA_VERSION="21.0.10" 
MODULES="java.base java.compiler java.datatransfer java.xml java.prefs java.desktop java.instrument java.logging java.management java.security.sasl java.naming java.rmi java.management.rmi java.net.http java.scripting java.security.jgss java.transaction.xa java.sql java.sql.rowset java.xml.crypto java.se java.smartcardio jdk.accessibility jdk.internal.jvmstat jdk.attach jdk.charsets jdk.internal.opt jdk.zipfs jdk.compiler jdk.crypto.ec jdk.crypto.cryptoki jdk.crypto.mscapi jdk.dynalink jdk.internal.ed jdk.editpad jdk.hotspot.agent jdk.httpserver jdk.internal.le jdk.internal.vm.ci jdk.internal.vm.compiler jdk.internal.vm.compiler.management jdk.jartool jdk.javadoc jdk.jcmd jdk.management jdk.management.agent jdk.jconsole jdk.jdeps jdk.jdwp.agent jdk.jdi jdk.jfr jdk.jshell jdk.jsobject jdk.jstatd jdk.localedata jdk.management.jfr jdk.naming.dns jdk.naming.rmi jdk.net jdk.nio.mapmode jdk.random jdk.sctp jdk.security.auth jdk.security.jgss jdk.unsupported jdk.unsupported.desktop jdk.xml.dom" 

Environment Variables:
PATH=C:\Program Files\Eclipse Adoptium\jdk-17.0.19.10-hotspot\bin;C:\Program Files (x86)\Common Files\Oracle\Java\java8path;C:\Program Files (x86)\Common Files\Oracle\Java\javapath;C:\windows\system32;C:\windows;C:\windows\System32\Wbem;C:\windows\System32\WindowsPowerShell\v1.0\;C:\windows\System32\OpenSSH\;C:\Program Files\nodejs\;C:\Program Files\GitHub CLI\;C:\Program Files\Git\cmd;C:\Users\nicho\.local\bin;C:\Users\nicho\AppData\Local\Microsoft\WindowsApps;C:\Users\nicho\AppData\Local\Programs\Microsoft VS Code\bin;C:\Users\nicho\AppData\Roaming\npm
USERNAME=nicho
OS=Windows_NT
PROCESSOR_IDENTIFIER=Intel64 Family 6 Model 186 Stepping 3, GenuineIntel
TMP=C:\Users\nicho\AppData\Local\Temp
TEMP=C:\Users\nicho\AppData\Local\Temp




Periodic native trim disabled

---------------  S Y S T E M  ---------------

OS:
 Windows 11 , 64 bit Build 26100 (10.0.26100.8328)
OS uptime: 11 days 1:02 hours
Hyper-V role detected

CPU: total 8 (initial active 8) (4 cores per cpu, 2 threads per core) family 6 model 186 stepping 3 microcode 0x6134, cx8, cmov, fxsr, ht, mmx, 3dnowpref, sse, sse2, sse3, ssse3, sse4.1, sse4.2, popcnt, lzcnt, tsc, tscinvbit, avx, avx2, aes, erms, clmul, bmi1, bmi2, adx, sha, fma, vzeroupper, clflush, clflushopt, clwb, hv, serialize, rdtscp, rdpid, fsrm, f16c, cet_ibt, cet_ss
Processor Information for the first 8 processors :
  Max Mhz: 1200, Current Mhz: 1200, Mhz Limit: 1200

Memory: 4k page, system-wide physical 7883M (1004M free)
TotalPageFile size 16075M (AvailPageFile size 8M)
current process WorkingSet (physical memory assigned to process): 106M, peak: 427M
current process commit charge ("private bytes"): 598M, peak: 599M

vm_info: OpenJDK 64-Bit Server VM (21.0.10+7-LTS) for windows-amd64 JRE (21.0.10+7-LTS), built on 2026-01-20T00:00:00Z by "admin" with MS VC++ 17.12 (VS2022)

END.
